[     316ms] [LOG] [mouseless] script tag loaded, readyState= loading @ https://audiobeam.test/js/blemli/filament-mouseless/filament-mouseless.js?v=5.9999999.9999999.9999999-dev:446
[     355ms] [LOG] [mouseless] === boot starting === @ https://audiobeam.test/js/blemli/filament-mouseless/filament-mouseless.js?v=5.9999999.9999999.9999999-dev:12
[     355ms] [LOG] [mouseless] document.readyState= interactive @ https://audiobeam.test/js/blemli/filament-mouseless/filament-mouseless.js?v=5.9999999.9999999.9999999-dev:13
[     355ms] [LOG] [mouseless] window.filamentData= {mouseless: Object} @ https://audiobeam.test/js/blemli/filament-mouseless/filament-mouseless.js?v=5.9999999.9999999.9999999-dev:14
[     355ms] [LOG] [mouseless] mouseless cfg= {bindings: Object, reserved: Array(0), listModeIgnore: Array(0), debug: false, actionLabels: Object} @ https://audiobeam.test/js/blemli/filament-mouseless/filament-mouseless.js?v=5.9999999.9999999.9999999-dev:17
[     355ms] [LOG] [mouseless] bindings count= 34 @ https://audiobeam.test/js/blemli/filament-mouseless/filament-mouseless.js?v=5.9999999.9999999.9999999-dev:28
[     355ms] [LOG] [mouseless] bindings= {crud.create: alt+n, crud.edit: alt+b, crud.delete: alt+l, crud.save: alt+s, crud.view: alt+a} @ https://audiobeam.test/js/blemli/filament-mouseless/filament-mouseless.js?v=5.9999999.9999999.9999999-dev:29
[     355ms] [LOG] [mouseless] reserved= [] @ https://audiobeam.test/js/blemli/filament-mouseless/filament-mouseless.js?v=5.9999999.9999999.9999999-dev:30
[     356ms] [LOG] [mouseless] ignoreSel= "input,textarea,[contenteditable]" @ https://audiobeam.test/js/blemli/filament-mouseless/filament-mouseless.js?v=5.9999999.9999999.9999999-dev:31
[     356ms] [LOG] [mouseless] keyToAction map= {alt+n: crud.create, alt+b: crud.edit, alt+l: crud.delete, alt+s: crud.save, alt+a: crud.view} @ https://audiobeam.test/js/blemli/filament-mouseless/filament-mouseless.js?v=5.9999999.9999999.9999999-dev:55
[     356ms] [LOG] [mouseless] attaching keydown listener (capture) @ https://audiobeam.test/js/blemli/filament-mouseless/filament-mouseless.js?v=5.9999999.9999999.9999999-dev:56
[     356ms] [LOG] [mouseless] === boot complete === @ https://audiobeam.test/js/blemli/filament-mouseless/filament-mouseless.js?v=5.9999999.9999999.9999999-dev:59
[   16234ms] [LOG] [mouseless] keydown {key: j, code: KeyJ, alt: false, ctrl: false, meta: false} @ https://audiobeam.test/js/blemli/filament-mouseless/filament-mouseless.js?v=5.9999999.9999999.9999999-dev:75
[   16234ms] [LOG] [mouseless] matched action list.next-row — dispatching @ https://audiobeam.test/js/blemli/filament-mouseless/filament-mouseless.js?v=5.9999999.9999999.9999999-dev:99
[   16234ms] [LOG] [mouseless] dispatch start list.next-row @ https://audiobeam.test/js/blemli/filament-mouseless/filament-mouseless.js?v=5.9999999.9999999.9999999-dev:111
[   16235ms] [LOG] [mouseless] dispatch -> list row nav list.next-row rows= 10 @ https://audiobeam.test/js/blemli/filament-mouseless/filament-mouseless.js?v=5.9999999.9999999.9999999-dev:201
[   16235ms] [LOG] [mouseless]   focus row -1 -> 0 target= JSHandle@node @ https://audiobeam.test/js/blemli/filament-mouseless/filament-mouseless.js?v=5.9999999.9999999.9999999-dev:213
[   23698ms] [LOG] [mouseless] keydown {key:  , code: Space, alt: false, ctrl: false, meta: false} @ https://audiobeam.test/js/blemli/filament-mouseless/filament-mouseless.js?v=5.9999999.9999999.9999999-dev:75
[   23698ms] [LOG] [mouseless] matched action list.toggle-row — dispatching @ https://audiobeam.test/js/blemli/filament-mouseless/filament-mouseless.js?v=5.9999999.9999999.9999999-dev:99
[   23698ms] [LOG] [mouseless] dispatch start list.toggle-row @ https://audiobeam.test/js/blemli/filament-mouseless/filament-mouseless.js?v=5.9999999.9999999.9999999-dev:111
[   23698ms] [LOG] [mouseless] dispatch -> list.toggle-row, row= JSHandle@node @ https://audiobeam.test/js/blemli/filament-mouseless/filament-mouseless.js?v=5.9999999.9999999.9999999-dev:222
[   23698ms] [LOG] [mouseless]   clicking checkbox JSHandle@node @ https://audiobeam.test/js/blemli/filament-mouseless/filament-mouseless.js?v=5.9999999.9999999.9999999-dev:232
[   33326ms] [LOG] [mouseless] keydown {key: j, code: KeyJ, alt: false, ctrl: false, meta: false} @ https://audiobeam.test/js/blemli/filament-mouseless/filament-mouseless.js?v=5.9999999.9999999.9999999-dev:75
[   33326ms] [LOG] [mouseless] matched action list.next-row — dispatching @ https://audiobeam.test/js/blemli/filament-mouseless/filament-mouseless.js?v=5.9999999.9999999.9999999-dev:99
[   33326ms] [LOG] [mouseless] dispatch start list.next-row @ https://audiobeam.test/js/blemli/filament-mouseless/filament-mouseless.js?v=5.9999999.9999999.9999999-dev:111
[   33327ms] [LOG] [mouseless] dispatch -> list row nav list.next-row rows= 10 @ https://audiobeam.test/js/blemli/filament-mouseless/filament-mouseless.js?v=5.9999999.9999999.9999999-dev:201
[   33327ms] [LOG] [mouseless]   focus row 0 -> 1 target= JSHandle@node @ https://audiobeam.test/js/blemli/filament-mouseless/filament-mouseless.js?v=5.9999999.9999999.9999999-dev:213
[   41122ms] [LOG] [mouseless] keydown {key:  , code: Space, alt: false, ctrl: false, meta: false} @ https://audiobeam.test/js/blemli/filament-mouseless/filament-mouseless.js?v=5.9999999.9999999.9999999-dev:75
[   41123ms] [LOG] [mouseless] matched action list.toggle-row — dispatching @ https://audiobeam.test/js/blemli/filament-mouseless/filament-mouseless.js?v=5.9999999.9999999.9999999-dev:99
[   41123ms] [LOG] [mouseless] dispatch start list.toggle-row @ https://audiobeam.test/js/blemli/filament-mouseless/filament-mouseless.js?v=5.9999999.9999999.9999999-dev:111
[   41123ms] [LOG] [mouseless] dispatch -> list.toggle-row, row= JSHandle@node @ https://audiobeam.test/js/blemli/filament-mouseless/filament-mouseless.js?v=5.9999999.9999999.9999999-dev:222
[   41123ms] [LOG] [mouseless]   clicking checkbox JSHandle@node @ https://audiobeam.test/js/blemli/filament-mouseless/filament-mouseless.js?v=5.9999999.9999999.9999999-dev:232
[   54092ms] [LOG] [mouseless] keydown {key: Escape, code: Escape, alt: false, ctrl: false, meta: false} @ https://audiobeam.test/js/blemli/filament-mouseless/filament-mouseless.js?v=5.9999999.9999999.9999999-dev:75
[   54092ms] [LOG] [mouseless] matched action ui.close — dispatching @ https://audiobeam.test/js/blemli/filament-mouseless/filament-mouseless.js?v=5.9999999.9999999.9999999-dev:99
[   54092ms] [LOG] [mouseless] dispatch start ui.close @ https://audiobeam.test/js/blemli/filament-mouseless/filament-mouseless.js?v=5.9999999.9999999.9999999-dev:111
[   54093ms] [LOG] [mouseless] dispatch -> ui.close: deselecting 2 row(s) across 2 table(s) @ https://audiobeam.test/js/blemli/filament-mouseless/filament-mouseless.js?v=5.9999999.9999999.9999999-dev:137
[  876007ms] [LOG] [vite] server connection lost. Polling for restart... @ https://audiobeam.test:5175/@vite/client:864
[  876459ms] [LOG] [mouseless] script tag loaded, readyState= loading @ https://audiobeam.test/js/blemli/filament-mouseless/filament-mouseless.js?v=5.9999999.9999999.9999999-dev:446
[  876498ms] [LOG] [mouseless] === boot starting === @ https://audiobeam.test/js/blemli/filament-mouseless/filament-mouseless.js?v=5.9999999.9999999.9999999-dev:12
[  876498ms] [LOG] [mouseless] document.readyState= interactive @ https://audiobeam.test/js/blemli/filament-mouseless/filament-mouseless.js?v=5.9999999.9999999.9999999-dev:13
[  876498ms] [LOG] [mouseless] window.filamentData= {mouseless: Object} @ https://audiobeam.test/js/blemli/filament-mouseless/filament-mouseless.js?v=5.9999999.9999999.9999999-dev:14
[  876498ms] [LOG] [mouseless] mouseless cfg= {bindings: Object, reserved: Array(0), listModeIgnore: Array(0), debug: false, actionLabels: Object} @ https://audiobeam.test/js/blemli/filament-mouseless/filament-mouseless.js?v=5.9999999.9999999.9999999-dev:17
[  876498ms] [LOG] [mouseless] bindings count= 34 @ https://audiobeam.test/js/blemli/filament-mouseless/filament-mouseless.js?v=5.9999999.9999999.9999999-dev:28
[  876498ms] [LOG] [mouseless] bindings= {crud.create: alt+n, crud.edit: alt+b, crud.delete: alt+l, crud.save: alt+s, crud.view: alt+a} @ https://audiobeam.test/js/blemli/filament-mouseless/filament-mouseless.js?v=5.9999999.9999999.9999999-dev:29
[  876498ms] [LOG] [mouseless] reserved= [] @ https://audiobeam.test/js/blemli/filament-mouseless/filament-mouseless.js?v=5.9999999.9999999.9999999-dev:30
[  876498ms] [LOG] [mouseless] ignoreSel= "input,textarea,[contenteditable]" @ https://audiobeam.test/js/blemli/filament-mouseless/filament-mouseless.js?v=5.9999999.9999999.9999999-dev:31
[  876499ms] [LOG] [mouseless] keyToAction map= {alt+n: crud.create, alt+b: crud.edit, alt+l: crud.delete, alt+s: crud.save, alt+a: crud.view} @ https://audiobeam.test/js/blemli/filament-mouseless/filament-mouseless.js?v=5.9999999.9999999.9999999-dev:55
[  876499ms] [LOG] [mouseless] attaching keydown listener (capture) @ https://audiobeam.test/js/blemli/filament-mouseless/filament-mouseless.js?v=5.9999999.9999999.9999999-dev:56
[  876499ms] [LOG] [mouseless] === boot complete === @ https://audiobeam.test/js/blemli/filament-mouseless/filament-mouseless.js?v=5.9999999.9999999.9999999-dev:59
